// Jest Snapshot v1, https://goo.gl/fbAQLP

exports[`Footer component should be a footer 1`] = `
"<footer class=\\"footer\\">
    <h3>Stuff About Me</h3>
    I like pizza and sushi; however, I like coding more.
    </footer>"
`;
