// Jest Snapshot v1, https://goo.gl/fbAQLP

exports[`Projects component should be a project section 1`] = `
"<section class=\\"projectSection\\">
    <h3>Projects</h3>
    <div id=\\"projects\\">
    
    </div>
    "
`;
